<!--lit-part BRUAAAUVAAA=--><!--lit-part Inzgc2Gbdtk=--><test-badge  state="success"><template shadowroot="open" shadowrootmode="open"><style>
    :host { display: inline-block; padding: 0.25em 0.5em; border-radius: 4px; }
  </style><!--lit-part nTO5uo4AIeA=--><!--lit-node 0--><span class="success"><slot></slot></span><!--/lit-part--></template>up</test-badge><!--/lit-part--><?><!--/lit-part-->